[    1137ms] [WARNING] <link rel=modulepreload> has no `href` value @ https://archive.ph/mja3e:105
[    1137ms] [WARNING] <link rel=modulepreload> has no `href` value @ https://archive.ph/mja3e:105
[    1137ms] [WARNING] <link rel=modulepreload> has no `href` value @ https://archive.ph/mja3e:105
[    1137ms] [WARNING] <link rel=modulepreload> has no `href` value @ https://archive.ph/mja3e:105
[    1137ms] [WARNING] <link rel=modulepreload> has no `href` value @ https://archive.ph/mja3e:105
[    1137ms] [WARNING] <link rel=modulepreload> has no `href` value @ https://archive.ph/mja3e:105
[    1137ms] [WARNING] <link rel=modulepreload> has no `href` value @ https://archive.ph/mja3e:105
[    1137ms] [WARNING] <link rel=modulepreload> has no `href` value @ https://archive.ph/mja3e:105
[    1137ms] [WARNING] <link rel=modulepreload> has no `href` value @ https://archive.ph/mja3e:105
[    1137ms] [WARNING] <link rel=modulepreload> has no `href` value @ https://archive.ph/mja3e:105
[    1137ms] [WARNING] <link rel=modulepreload> has no `href` value @ https://archive.ph/mja3e:105
[    1137ms] [WARNING] <link rel=modulepreload> has no `href` value @ https://archive.ph/mja3e:105
[    1137ms] [WARNING] <link rel=modulepreload> has no `href` value @ https://archive.ph/mja3e:105
[    1137ms] [WARNING] <link rel=modulepreload> has no `href` value @ https://archive.ph/mja3e:105
[    1137ms] [WARNING] <link rel=modulepreload> has no `href` value @ https://archive.ph/mja3e:105
[    1137ms] [WARNING] <link rel=modulepreload> has no `href` value @ https://archive.ph/mja3e:105
[    1137ms] [WARNING] <link rel=modulepreload> has no `href` value @ https://archive.ph/mja3e:105
[    1137ms] [WARNING] <link rel=modulepreload> has no `href` value @ https://archive.ph/mja3e:105
[    1137ms] [WARNING] <link rel=modulepreload> has no `href` value @ https://archive.ph/mja3e:105
[    1137ms] [WARNING] <link rel=modulepreload> has no `href` value @ https://archive.ph/mja3e:105
[    1137ms] [WARNING] <link rel=modulepreload> has no `href` value @ https://archive.ph/mja3e:105
[    1137ms] [WARNING] <link rel=modulepreload> has no `href` value @ https://archive.ph/mja3e:105
[    1137ms] [WARNING] <link rel=modulepreload> has no `href` value @ https://archive.ph/mja3e:105
[    1137ms] [WARNING] <link rel=modulepreload> has no `href` value @ https://archive.ph/mja3e:105
[    1137ms] [WARNING] <link rel=modulepreload> has no `href` value @ https://archive.ph/mja3e:105
[    1137ms] [WARNING] <link rel=modulepreload> has no `href` value @ https://archive.ph/mja3e:105
[    1137ms] [WARNING] <link rel=modulepreload> has no `href` value @ https://archive.ph/mja3e:105
[    1137ms] [WARNING] <link rel=modulepreload> has no `href` value @ https://archive.ph/mja3e:105
[    1137ms] [WARNING] <link rel=modulepreload> has no `href` value @ https://archive.ph/mja3e:105
[    1137ms] [WARNING] <link rel=modulepreload> has no `href` value @ https://archive.ph/mja3e:105
[    1137ms] [WARNING] <link rel=modulepreload> has no `href` value @ https://archive.ph/mja3e:105
[    1137ms] [WARNING] <link rel=modulepreload> has no `href` value @ https://archive.ph/mja3e:105
[    1137ms] [WARNING] <link rel=modulepreload> has no `href` value @ https://archive.ph/mja3e:105
[    1137ms] [WARNING] <link rel=modulepreload> has no `href` value @ https://archive.ph/mja3e:105
[    1137ms] [WARNING] <link rel=modulepreload> has no `href` value @ https://archive.ph/mja3e:105
[    1137ms] [WARNING] <link rel=modulepreload> has no `href` value @ https://archive.ph/mja3e:105
[    1137ms] [WARNING] <link rel=modulepreload> has no `href` value @ https://archive.ph/mja3e:105
[    1137ms] [WARNING] <link rel=modulepreload> has no `href` value @ https://archive.ph/mja3e:105
[    1137ms] [WARNING] <link rel=modulepreload> has no `href` value @ https://archive.ph/mja3e:105
[    1137ms] [WARNING] <link rel=modulepreload> has no `href` value @ https://archive.ph/mja3e:105
[    1137ms] [WARNING] <link rel=modulepreload> has no `href` value @ https://archive.ph/mja3e:105
[    1137ms] [WARNING] <link rel=modulepreload> has no `href` value @ https://archive.ph/mja3e:105
[    1137ms] [WARNING] <link rel=modulepreload> has no `href` value @ https://archive.ph/mja3e:105
[    1137ms] [WARNING] <link rel=modulepreload> has no `href` value @ https://archive.ph/mja3e:105
[    1137ms] [WARNING] <link rel=modulepreload> has no `href` value @ https://archive.ph/mja3e:105
[    1137ms] [WARNING] <link rel=modulepreload> has no `href` value @ https://archive.ph/mja3e:105
[    1137ms] [WARNING] <link rel=modulepreload> has no `href` value @ https://archive.ph/mja3e:105
[    1137ms] [WARNING] <link rel=modulepreload> has no `href` value @ https://archive.ph/mja3e:105
[    1137ms] [WARNING] <link rel=modulepreload> has no `href` value @ https://archive.ph/mja3e:105
[    1137ms] [WARNING] <link rel=modulepreload> has no `href` value @ https://archive.ph/mja3e:105
[    1137ms] [WARNING] <link rel=modulepreload> has no `href` value @ https://archive.ph/mja3e:105
[    1137ms] [WARNING] <link rel=modulepreload> has no `href` value @ https://archive.ph/mja3e:105
[    1137ms] [WARNING] <link rel=modulepreload> has no `href` value @ https://archive.ph/mja3e:105
[    1137ms] [WARNING] <link rel=modulepreload> has no `href` value @ https://archive.ph/mja3e:105
[    1137ms] [WARNING] <link rel=modulepreload> has no `href` value @ https://archive.ph/mja3e:105
[    1137ms] [WARNING] <link rel=modulepreload> has no `href` value @ https://archive.ph/mja3e:105
[    1137ms] [WARNING] <link rel=modulepreload> has no `href` value @ https://archive.ph/mja3e:105
[    1137ms] [WARNING] <link rel=modulepreload> has no `href` value @ https://archive.ph/mja3e:105
[    1137ms] [WARNING] <link rel=modulepreload> has no `href` value @ https://archive.ph/mja3e:105
[    1137ms] [WARNING] <link rel=modulepreload> has no `href` value @ https://archive.ph/mja3e:105
[    1137ms] [WARNING] <link rel=modulepreload> has no `href` value @ https://archive.ph/mja3e:105
[    1137ms] [WARNING] <link rel=modulepreload> has no `href` value @ https://archive.ph/mja3e:105
[    1137ms] [WARNING] <link rel=modulepreload> has no `href` value @ https://archive.ph/mja3e:105
[    1137ms] [WARNING] <link rel=modulepreload> has no `href` value @ https://archive.ph/mja3e:105
[    1137ms] [WARNING] <link rel=modulepreload> has no `href` value @ https://archive.ph/mja3e:105
[    1137ms] [WARNING] <link rel=modulepreload> has no `href` value @ https://archive.ph/mja3e:105
[    1137ms] [WARNING] <link rel=modulepreload> has no `href` value @ https://archive.ph/mja3e:105
[    1137ms] [WARNING] <link rel=modulepreload> has no `href` value @ https://archive.ph/mja3e:105
[    1137ms] [WARNING] <link rel=modulepreload> has no `href` value @ https://archive.ph/mja3e:105
[    1137ms] [WARNING] <link rel=modulepreload> has no `href` value @ https://archive.ph/mja3e:105
[    1137ms] [WARNING] <link rel=modulepreload> has no `href` value @ https://archive.ph/mja3e:105
[    1137ms] [WARNING] <link rel=modulepreload> has no `href` value @ https://archive.ph/mja3e:105
[    1137ms] [WARNING] <link rel=modulepreload> has no `href` value @ https://archive.ph/mja3e:105
[    1137ms] [WARNING] <link rel=modulepreload> has no `href` value @ https://archive.ph/mja3e:105
[    1137ms] [WARNING] <link rel=modulepreload> has no `href` value @ https://archive.ph/mja3e:105
[    1137ms] [WARNING] <link rel=modulepreload> has no `href` value @ https://archive.ph/mja3e:105
[    1137ms] [WARNING] <link rel=modulepreload> has no `href` value @ https://archive.ph/mja3e:105
[    1137ms] [WARNING] <link rel=modulepreload> has no `href` value @ https://archive.ph/mja3e:105
[    1137ms] [WARNING] <link rel=modulepreload> has no `href` value @ https://archive.ph/mja3e:105
[    1137ms] [WARNING] <link rel=modulepreload> has no `href` value @ https://archive.ph/mja3e:105
[    1137ms] [WARNING] <link rel=modulepreload> has no `href` value @ https://archive.ph/mja3e:105
[    1137ms] [WARNING] <link rel=modulepreload> has no `href` value @ https://archive.ph/mja3e:105
[    1137ms] [WARNING] <link rel=modulepreload> has no `href` value @ https://archive.ph/mja3e:105
[    1137ms] [WARNING] <link rel=modulepreload> has no `href` value @ https://archive.ph/mja3e:105
[    1137ms] [WARNING] <link rel=modulepreload> has no `href` value @ https://archive.ph/mja3e:105
[    1137ms] [WARNING] <link rel=modulepreload> has no `href` value @ https://archive.ph/mja3e:105
[    1137ms] [WARNING] <link rel=modulepreload> has no `href` value @ https://archive.ph/mja3e:105
[    1137ms] [WARNING] <link rel=modulepreload> has no `href` value @ https://archive.ph/mja3e:105
[    1137ms] [WARNING] <link rel=modulepreload> has no `href` value @ https://archive.ph/mja3e:105
[    1137ms] [WARNING] <link rel=modulepreload> has no `href` value @ https://archive.ph/mja3e:105
[    1137ms] [WARNING] <link rel=modulepreload> has no `href` value @ https://archive.ph/mja3e:105
[    1137ms] [WARNING] <link rel=modulepreload> has no `href` value @ https://archive.ph/mja3e:105
[    1137ms] [WARNING] <link rel=modulepreload> has no `href` value @ https://archive.ph/mja3e:105
[    1137ms] [WARNING] <link rel=modulepreload> has no `href` value @ https://archive.ph/mja3e:105
[    1137ms] [WARNING] <link rel=modulepreload> has no `href` value @ https://archive.ph/mja3e:105
[    1137ms] [WARNING] <link rel=modulepreload> has no `href` value @ https://archive.ph/mja3e:105
[    1137ms] [WARNING] <link rel=modulepreload> has no `href` value @ https://archive.ph/mja3e:105
[    1137ms] [WARNING] <link rel=modulepreload> has no `href` value @ https://archive.ph/mja3e:105
[    1137ms] [WARNING] <link rel=modulepreload> has no `href` value @ https://archive.ph/mja3e:105
[    1137ms] [WARNING] <link rel=modulepreload> has no `href` value @ https://archive.ph/mja3e:105
[    1137ms] [WARNING] <link rel=modulepreload> has no `href` value @ https://archive.ph/mja3e:105
[    1137ms] [WARNING] <link rel=modulepreload> has no `href` value @ https://archive.ph/mja3e:105
[    1137ms] [WARNING] <link rel=modulepreload> has no `href` value @ https://archive.ph/mja3e:105
[    1137ms] [WARNING] <link rel=modulepreload> has no `href` value @ https://archive.ph/mja3e:105
[    1137ms] [WARNING] <link rel=modulepreload> has no `href` value @ https://archive.ph/mja3e:105
[    1137ms] [WARNING] <link rel=modulepreload> has no `href` value @ https://archive.ph/mja3e:105
[    1137ms] [WARNING] <link rel=preload> has an invalid `href` value @ https://archive.ph/mja3e:105
[    1137ms] [WARNING] <link rel=preload> has an invalid `href` value @ https://archive.ph/mja3e:105
[    1137ms] [WARNING] <link rel=preload> has an invalid `href` value @ https://archive.ph/mja3e:105
[    2362ms] [WARNING] <link rel=modulepreload> has no `href` value @ https://archive.ph/mja3e:105
[    2362ms] [WARNING] <link rel=modulepreload> has no `href` value @ https://archive.ph/mja3e:105
[    2362ms] [WARNING] <link rel=modulepreload> has no `href` value @ https://archive.ph/mja3e:105
[    2362ms] [WARNING] <link rel=modulepreload> has no `href` value @ https://archive.ph/mja3e:105
[    2362ms] [WARNING] <link rel=modulepreload> has no `href` value @ https://archive.ph/mja3e:105
[    2362ms] [WARNING] <link rel=modulepreload> has no `href` value @ https://archive.ph/mja3e:105
[    2362ms] [WARNING] <link rel=modulepreload> has no `href` value @ https://archive.ph/mja3e:105
[    2362ms] [WARNING] <link rel=modulepreload> has no `href` value @ https://archive.ph/mja3e:105
[    2362ms] [WARNING] <link rel=modulepreload> has no `href` value @ https://archive.ph/mja3e:105
[    2362ms] [WARNING] <link rel=modulepreload> has no `href` value @ https://archive.ph/mja3e:105
[    2362ms] [WARNING] <link rel=modulepreload> has no `href` value @ https://archive.ph/mja3e:105
[    2362ms] [WARNING] <link rel=modulepreload> has no `href` value @ https://archive.ph/mja3e:105
[    2362ms] [WARNING] <link rel=modulepreload> has no `href` value @ https://archive.ph/mja3e:105
[    2362ms] [WARNING] <link rel=modulepreload> has no `href` value @ https://archive.ph/mja3e:105
[    2362ms] [WARNING] <link rel=modulepreload> has no `href` value @ https://archive.ph/mja3e:105
[    2362ms] [WARNING] <link rel=modulepreload> has no `href` value @ https://archive.ph/mja3e:105
[    2362ms] [WARNING] <link rel=modulepreload> has no `href` value @ https://archive.ph/mja3e:105
[    2362ms] [WARNING] <link rel=modulepreload> has no `href` value @ https://archive.ph/mja3e:105
[    2362ms] [WARNING] <link rel=modulepreload> has no `href` value @ https://archive.ph/mja3e:105
[    2362ms] [WARNING] <link rel=modulepreload> has no `href` value @ https://archive.ph/mja3e:105
[    2362ms] [WARNING] <link rel=modulepreload> has no `href` value @ https://archive.ph/mja3e:105
[    2362ms] [WARNING] <link rel=modulepreload> has no `href` value @ https://archive.ph/mja3e:105
[    2362ms] [WARNING] <link rel=modulepreload> has no `href` value @ https://archive.ph/mja3e:105
[    2362ms] [WARNING] <link rel=modulepreload> has no `href` value @ https://archive.ph/mja3e:105
[    2362ms] [WARNING] <link rel=modulepreload> has no `href` value @ https://archive.ph/mja3e:105
[    2362ms] [WARNING] <link rel=modulepreload> has no `href` value @ https://archive.ph/mja3e:105
[    2362ms] [WARNING] <link rel=modulepreload> has no `href` value @ https://archive.ph/mja3e:105
[    2362ms] [WARNING] <link rel=modulepreload> has no `href` value @ https://archive.ph/mja3e:105
[    2362ms] [WARNING] <link rel=modulepreload> has no `href` value @ https://archive.ph/mja3e:105
[    2362ms] [WARNING] <link rel=modulepreload> has no `href` value @ https://archive.ph/mja3e:105
[    2362ms] [WARNING] <link rel=modulepreload> has no `href` value @ https://archive.ph/mja3e:105
[    2362ms] [WARNING] <link rel=modulepreload> has no `href` value @ https://archive.ph/mja3e:105
[    2362ms] [WARNING] <link rel=modulepreload> has no `href` value @ https://archive.ph/mja3e:105
[    2362ms] [WARNING] <link rel=modulepreload> has no `href` value @ https://archive.ph/mja3e:105
[    2362ms] [WARNING] <link rel=modulepreload> has no `href` value @ https://archive.ph/mja3e:105
[    2362ms] [WARNING] <link rel=modulepreload> has no `href` value @ https://archive.ph/mja3e:105
[    2362ms] [WARNING] <link rel=modulepreload> has no `href` value @ https://archive.ph/mja3e:105
[    2362ms] [WARNING] <link rel=modulepreload> has no `href` value @ https://archive.ph/mja3e:105
[    2362ms] [WARNING] <link rel=modulepreload> has no `href` value @ https://archive.ph/mja3e:105
[    2362ms] [WARNING] <link rel=modulepreload> has no `href` value @ https://archive.ph/mja3e:105
[    2362ms] [WARNING] <link rel=modulepreload> has no `href` value @ https://archive.ph/mja3e:105
[    2362ms] [WARNING] <link rel=modulepreload> has no `href` value @ https://archive.ph/mja3e:105
[    2362ms] [WARNING] <link rel=modulepreload> has no `href` value @ https://archive.ph/mja3e:105
[    2362ms] [WARNING] <link rel=modulepreload> has no `href` value @ https://archive.ph/mja3e:105
[    2362ms] [WARNING] <link rel=modulepreload> has no `href` value @ https://archive.ph/mja3e:105
[    2362ms] [WARNING] <link rel=modulepreload> has no `href` value @ https://archive.ph/mja3e:105
[    2362ms] [WARNING] <link rel=modulepreload> has no `href` value @ https://archive.ph/mja3e:105
[    2362ms] [WARNING] <link rel=modulepreload> has no `href` value @ https://archive.ph/mja3e:105
[    2362ms] [WARNING] <link rel=modulepreload> has no `href` value @ https://archive.ph/mja3e:105
[    2362ms] [WARNING] <link rel=modulepreload> has no `href` value @ https://archive.ph/mja3e:105
[    2362ms] [WARNING] <link rel=modulepreload> has no `href` value @ https://archive.ph/mja3e:105
[    2362ms] [WARNING] <link rel=modulepreload> has no `href` value @ https://archive.ph/mja3e:105
[    2362ms] [WARNING] <link rel=modulepreload> has no `href` value @ https://archive.ph/mja3e:105
[    2362ms] [WARNING] <link rel=modulepreload> has no `href` value @ https://archive.ph/mja3e:105
[    2362ms] [WARNING] <link rel=modulepreload> has no `href` value @ https://archive.ph/mja3e:105
[    2362ms] [WARNING] <link rel=modulepreload> has no `href` value @ https://archive.ph/mja3e:105
[    2362ms] [WARNING] <link rel=modulepreload> has no `href` value @ https://archive.ph/mja3e:105
[    2362ms] [WARNING] <link rel=modulepreload> has no `href` value @ https://archive.ph/mja3e:105
[    2362ms] [WARNING] <link rel=modulepreload> has no `href` value @ https://archive.ph/mja3e:105
[    2362ms] [WARNING] <link rel=modulepreload> has no `href` value @ https://archive.ph/mja3e:105
[    2362ms] [WARNING] <link rel=modulepreload> has no `href` value @ https://archive.ph/mja3e:105
[    2362ms] [WARNING] <link rel=modulepreload> has no `href` value @ https://archive.ph/mja3e:105
[    2362ms] [WARNING] <link rel=modulepreload> has no `href` value @ https://archive.ph/mja3e:105
[    2362ms] [WARNING] <link rel=modulepreload> has no `href` value @ https://archive.ph/mja3e:105
[    2362ms] [WARNING] <link rel=modulepreload> has no `href` value @ https://archive.ph/mja3e:105
[    2362ms] [WARNING] <link rel=modulepreload> has no `href` value @ https://archive.ph/mja3e:105
[    2362ms] [WARNING] <link rel=modulepreload> has no `href` value @ https://archive.ph/mja3e:105
[    2362ms] [WARNING] <link rel=modulepreload> has no `href` value @ https://archive.ph/mja3e:105
[    2362ms] [WARNING] <link rel=modulepreload> has no `href` value @ https://archive.ph/mja3e:105
[    2362ms] [WARNING] <link rel=modulepreload> has no `href` value @ https://archive.ph/mja3e:105
[    2362ms] [WARNING] <link rel=modulepreload> has no `href` value @ https://archive.ph/mja3e:105
[    2362ms] [WARNING] <link rel=modulepreload> has no `href` value @ https://archive.ph/mja3e:105
[    2362ms] [WARNING] <link rel=modulepreload> has no `href` value @ https://archive.ph/mja3e:105
[    2362ms] [WARNING] <link rel=modulepreload> has no `href` value @ https://archive.ph/mja3e:105
[    2362ms] [WARNING] <link rel=modulepreload> has no `href` value @ https://archive.ph/mja3e:105
[    2362ms] [WARNING] <link rel=modulepreload> has no `href` value @ https://archive.ph/mja3e:105
[    2362ms] [WARNING] <link rel=modulepreload> has no `href` value @ https://archive.ph/mja3e:105
[    2362ms] [WARNING] <link rel=modulepreload> has no `href` value @ https://archive.ph/mja3e:105
[    2362ms] [WARNING] <link rel=modulepreload> has no `href` value @ https://archive.ph/mja3e:105
[    2362ms] [WARNING] <link rel=modulepreload> has no `href` value @ https://archive.ph/mja3e:105
[    2362ms] [WARNING] <link rel=modulepreload> has no `href` value @ https://archive.ph/mja3e:105
[    2362ms] [WARNING] <link rel=modulepreload> has no `href` value @ https://archive.ph/mja3e:105
[    2362ms] [WARNING] <link rel=modulepreload> has no `href` value @ https://archive.ph/mja3e:105
[    2362ms] [WARNING] <link rel=modulepreload> has no `href` value @ https://archive.ph/mja3e:105
[    2362ms] [WARNING] <link rel=modulepreload> has no `href` value @ https://archive.ph/mja3e:105
[    2362ms] [WARNING] <link rel=modulepreload> has no `href` value @ https://archive.ph/mja3e:105
[    2362ms] [WARNING] <link rel=modulepreload> has no `href` value @ https://archive.ph/mja3e:105
[    2362ms] [WARNING] <link rel=modulepreload> has no `href` value @ https://archive.ph/mja3e:105
[    2362ms] [WARNING] <link rel=modulepreload> has no `href` value @ https://archive.ph/mja3e:105
[    2362ms] [WARNING] <link rel=modulepreload> has no `href` value @ https://archive.ph/mja3e:105
[    2362ms] [WARNING] <link rel=modulepreload> has no `href` value @ https://archive.ph/mja3e:105
[    2362ms] [WARNING] <link rel=modulepreload> has no `href` value @ https://archive.ph/mja3e:105
[    2362ms] [WARNING] <link rel=modulepreload> has no `href` value @ https://archive.ph/mja3e:105
[    2362ms] [WARNING] <link rel=modulepreload> has no `href` value @ https://archive.ph/mja3e:105
[    2362ms] [WARNING] <link rel=modulepreload> has no `href` value @ https://archive.ph/mja3e:105
[    2362ms] [WARNING] <link rel=modulepreload> has no `href` value @ https://archive.ph/mja3e:105
[    2363ms] [WARNING] <link rel=modulepreload> has no `href` value @ https://archive.ph/mja3e:105
[    2363ms] [WARNING] <link rel=modulepreload> has no `href` value @ https://archive.ph/mja3e:105
[    2363ms] [WARNING] <link rel=modulepreload> has no `href` value @ https://archive.ph/mja3e:105
[    2363ms] [WARNING] <link rel=modulepreload> has no `href` value @ https://archive.ph/mja3e:105
[    2363ms] [WARNING] <link rel=modulepreload> has no `href` value @ https://archive.ph/mja3e:105
[    2363ms] [WARNING] <link rel=modulepreload> has no `href` value @ https://archive.ph/mja3e:105
[    2363ms] [WARNING] <link rel=modulepreload> has no `href` value @ https://archive.ph/mja3e:105
[    2363ms] [WARNING] <link rel=modulepreload> has no `href` value @ https://archive.ph/mja3e:105
[    2363ms] [WARNING] <link rel=modulepreload> has no `href` value @ https://archive.ph/mja3e:105
[    2363ms] [WARNING] <link rel=modulepreload> has no `href` value @ https://archive.ph/mja3e:105
[    2363ms] [WARNING] <link rel=preload> has an invalid `href` value @ https://archive.ph/mja3e:105
[    2363ms] [WARNING] <link rel=preload> has an invalid `href` value @ https://archive.ph/mja3e:105
[    2363ms] [WARNING] <link rel=preload> has an invalid `href` value @ https://archive.ph/mja3e:105
[   11158ms] [WARNING] The resource https://pbs.twimg.com/media/HRiuAJZXEAQ1A7g?format=webp&name=medium was preloaded using link preload but not used within a few seconds from the window's load event. Please make sure it has an appropriate `as` value and it is preloaded intentionally. @ https://archive.ph/mja3e:0
[   26310ms] [WARNING] The resource https://pbs.twimg.com/media/HRiuAJZXEAQ1A7g?format=webp&name=medium was preloaded using link preload but not used within a few seconds from the window's load event. Please make sure it has an appropriate `as` value and it is preloaded intentionally. @ https://archive.ph/mja3e:0
[   31535ms] [WARNING] <link rel=modulepreload> has no `href` value @ https://archive.ph/mja3e:105
[   31535ms] [WARNING] <link rel=modulepreload> has no `href` value @ https://archive.ph/mja3e:105
[   31535ms] [WARNING] <link rel=modulepreload> has no `href` value @ https://archive.ph/mja3e:105
[   31535ms] [WARNING] <link rel=modulepreload> has no `href` value @ https://archive.ph/mja3e:105
[   31535ms] [WARNING] <link rel=modulepreload> has no `href` value @ https://archive.ph/mja3e:105
[   31535ms] [WARNING] <link rel=modulepreload> has no `href` value @ https://archive.ph/mja3e:105
[   31535ms] [WARNING] <link rel=modulepreload> has no `href` value @ https://archive.ph/mja3e:105
[   31535ms] [WARNING] <link rel=modulepreload> has no `href` value @ https://archive.ph/mja3e:105
[   31535ms] [WARNING] <link rel=modulepreload> has no `href` value @ https://archive.ph/mja3e:105
[   31535ms] [WARNING] <link rel=modulepreload> has no `href` value @ https://archive.ph/mja3e:105
[   31535ms] [WARNING] <link rel=modulepreload> has no `href` value @ https://archive.ph/mja3e:105
[   31535ms] [WARNING] <link rel=modulepreload> has no `href` value @ https://archive.ph/mja3e:105
[   31535ms] [WARNING] <link rel=modulepreload> has no `href` value @ https://archive.ph/mja3e:105
[   31535ms] [WARNING] <link rel=modulepreload> has no `href` value @ https://archive.ph/mja3e:105
[   31535ms] [WARNING] <link rel=modulepreload> has no `href` value @ https://archive.ph/mja3e:105
[   31535ms] [WARNING] <link rel=modulepreload> has no `href` value @ https://archive.ph/mja3e:105
[   31535ms] [WARNING] <link rel=modulepreload> has no `href` value @ https://archive.ph/mja3e:105
[   31535ms] [WARNING] <link rel=modulepreload> has no `href` value @ https://archive.ph/mja3e:105
[   31535ms] [WARNING] <link rel=modulepreload> has no `href` value @ https://archive.ph/mja3e:105
[   31535ms] [WARNING] <link rel=modulepreload> has no `href` value @ https://archive.ph/mja3e:105
[   31535ms] [WARNING] <link rel=modulepreload> has no `href` value @ https://archive.ph/mja3e:105
[   31535ms] [WARNING] <link rel=modulepreload> has no `href` value @ https://archive.ph/mja3e:105
[   31535ms] [WARNING] <link rel=modulepreload> has no `href` value @ https://archive.ph/mja3e:105
[   31535ms] [WARNING] <link rel=modulepreload> has no `href` value @ https://archive.ph/mja3e:105
[   31535ms] [WARNING] <link rel=modulepreload> has no `href` value @ https://archive.ph/mja3e:105
[   31535ms] [WARNING] <link rel=modulepreload> has no `href` value @ https://archive.ph/mja3e:105
[   31535ms] [WARNING] <link rel=modulepreload> has no `href` value @ https://archive.ph/mja3e:105
[   31535ms] [WARNING] <link rel=modulepreload> has no `href` value @ https://archive.ph/mja3e:105
[   31535ms] [WARNING] <link rel=modulepreload> has no `href` value @ https://archive.ph/mja3e:105
[   31535ms] [WARNING] <link rel=modulepreload> has no `href` value @ https://archive.ph/mja3e:105
[   31535ms] [WARNING] <link rel=modulepreload> has no `href` value @ https://archive.ph/mja3e:105
[   31535ms] [WARNING] <link rel=modulepreload> has no `href` value @ https://archive.ph/mja3e:105
[   31535ms] [WARNING] <link rel=modulepreload> has no `href` value @ https://archive.ph/mja3e:105
[   31535ms] [WARNING] <link rel=modulepreload> has no `href` value @ https://archive.ph/mja3e:105
[   31535ms] [WARNING] <link rel=modulepreload> has no `href` value @ https://archive.ph/mja3e:105
[   31535ms] [WARNING] <link rel=modulepreload> has no `href` value @ https://archive.ph/mja3e:105
[   31535ms] [WARNING] <link rel=modulepreload> has no `href` value @ https://archive.ph/mja3e:105
[   31535ms] [WARNING] <link rel=modulepreload> has no `href` value @ https://archive.ph/mja3e:105
[   31535ms] [WARNING] <link rel=modulepreload> has no `href` value @ https://archive.ph/mja3e:105
[   31535ms] [WARNING] <link rel=modulepreload> has no `href` value @ https://archive.ph/mja3e:105
[   31535ms] [WARNING] <link rel=modulepreload> has no `href` value @ https://archive.ph/mja3e:105
[   31535ms] [WARNING] <link rel=modulepreload> has no `href` value @ https://archive.ph/mja3e:105
[   31535ms] [WARNING] <link rel=modulepreload> has no `href` value @ https://archive.ph/mja3e:105
[   31535ms] [WARNING] <link rel=modulepreload> has no `href` value @ https://archive.ph/mja3e:105
[   31535ms] [WARNING] <link rel=modulepreload> has no `href` value @ https://archive.ph/mja3e:105
[   31535ms] [WARNING] <link rel=modulepreload> has no `href` value @ https://archive.ph/mja3e:105
[   31535ms] [WARNING] <link rel=modulepreload> has no `href` value @ https://archive.ph/mja3e:105
[   31535ms] [WARNING] <link rel=modulepreload> has no `href` value @ https://archive.ph/mja3e:105
[   31535ms] [WARNING] <link rel=modulepreload> has no `href` value @ https://archive.ph/mja3e:105
[   31535ms] [WARNING] <link rel=modulepreload> has no `href` value @ https://archive.ph/mja3e:105
[   31535ms] [WARNING] <link rel=modulepreload> has no `href` value @ https://archive.ph/mja3e:105
[   31535ms] [WARNING] <link rel=modulepreload> has no `href` value @ https://archive.ph/mja3e:105
[   31535ms] [WARNING] <link rel=modulepreload> has no `href` value @ https://archive.ph/mja3e:105
[   31535ms] [WARNING] <link rel=modulepreload> has no `href` value @ https://archive.ph/mja3e:105
[   31535ms] [WARNING] <link rel=modulepreload> has no `href` value @ https://archive.ph/mja3e:105
[   31535ms] [WARNING] <link rel=modulepreload> has no `href` value @ https://archive.ph/mja3e:105
[   31535ms] [WARNING] <link rel=modulepreload> has no `href` value @ https://archive.ph/mja3e:105
[   31535ms] [WARNING] <link rel=modulepreload> has no `href` value @ https://archive.ph/mja3e:105
[   31535ms] [WARNING] <link rel=modulepreload> has no `href` value @ https://archive.ph/mja3e:105
[   31535ms] [WARNING] <link rel=modulepreload> has no `href` value @ https://archive.ph/mja3e:105
[   31535ms] [WARNING] <link rel=modulepreload> has no `href` value @ https://archive.ph/mja3e:105
[   31535ms] [WARNING] <link rel=modulepreload> has no `href` value @ https://archive.ph/mja3e:105
[   31535ms] [WARNING] <link rel=modulepreload> has no `href` value @ https://archive.ph/mja3e:105
[   31535ms] [WARNING] <link rel=modulepreload> has no `href` value @ https://archive.ph/mja3e:105
[   31535ms] [WARNING] <link rel=modulepreload> has no `href` value @ https://archive.ph/mja3e:105
[   31535ms] [WARNING] <link rel=modulepreload> has no `href` value @ https://archive.ph/mja3e:105
[   31535ms] [WARNING] <link rel=modulepreload> has no `href` value @ https://archive.ph/mja3e:105
[   31535ms] [WARNING] <link rel=modulepreload> has no `href` value @ https://archive.ph/mja3e:105
[   31535ms] [WARNING] <link rel=modulepreload> has no `href` value @ https://archive.ph/mja3e:105
[   31535ms] [WARNING] <link rel=modulepreload> has no `href` value @ https://archive.ph/mja3e:105
[   31535ms] [WARNING] <link rel=modulepreload> has no `href` value @ https://archive.ph/mja3e:105
[   31535ms] [WARNING] <link rel=modulepreload> has no `href` value @ https://archive.ph/mja3e:105
[   31535ms] [WARNING] <link rel=modulepreload> has no `href` value @ https://archive.ph/mja3e:105
[   31535ms] [WARNING] <link rel=modulepreload> has no `href` value @ https://archive.ph/mja3e:105
[   31535ms] [WARNING] <link rel=modulepreload> has no `href` value @ https://archive.ph/mja3e:105
[   31535ms] [WARNING] <link rel=modulepreload> has no `href` value @ https://archive.ph/mja3e:105
[   31535ms] [WARNING] <link rel=modulepreload> has no `href` value @ https://archive.ph/mja3e:105
[   31535ms] [WARNING] <link rel=modulepreload> has no `href` value @ https://archive.ph/mja3e:105
[   31535ms] [WARNING] <link rel=modulepreload> has no `href` value @ https://archive.ph/mja3e:105
[   31535ms] [WARNING] <link rel=modulepreload> has no `href` value @ https://archive.ph/mja3e:105
[   31535ms] [WARNING] <link rel=modulepreload> has no `href` value @ https://archive.ph/mja3e:105
[   31535ms] [WARNING] <link rel=modulepreload> has no `href` value @ https://archive.ph/mja3e:105
[   31535ms] [WARNING] <link rel=modulepreload> has no `href` value @ https://archive.ph/mja3e:105
[   31535ms] [WARNING] <link rel=modulepreload> has no `href` value @ https://archive.ph/mja3e:105
[   31535ms] [WARNING] <link rel=modulepreload> has no `href` value @ https://archive.ph/mja3e:105
[   31535ms] [WARNING] <link rel=modulepreload> has no `href` value @ https://archive.ph/mja3e:105
[   31535ms] [WARNING] <link rel=modulepreload> has no `href` value @ https://archive.ph/mja3e:105
[   31535ms] [WARNING] <link rel=modulepreload> has no `href` value @ https://archive.ph/mja3e:105
[   31535ms] [WARNING] <link rel=modulepreload> has no `href` value @ https://archive.ph/mja3e:105
[   31535ms] [WARNING] <link rel=modulepreload> has no `href` value @ https://archive.ph/mja3e:105
[   31535ms] [WARNING] <link rel=modulepreload> has no `href` value @ https://archive.ph/mja3e:105
[   31535ms] [WARNING] <link rel=modulepreload> has no `href` value @ https://archive.ph/mja3e:105
[   31535ms] [WARNING] <link rel=modulepreload> has no `href` value @ https://archive.ph/mja3e:105
[   31535ms] [WARNING] <link rel=modulepreload> has no `href` value @ https://archive.ph/mja3e:105
[   31535ms] [WARNING] <link rel=modulepreload> has no `href` value @ https://archive.ph/mja3e:105
[   31535ms] [WARNING] <link rel=modulepreload> has no `href` value @ https://archive.ph/mja3e:105
[   31535ms] [WARNING] <link rel=modulepreload> has no `href` value @ https://archive.ph/mja3e:105
[   31535ms] [WARNING] <link rel=modulepreload> has no `href` value @ https://archive.ph/mja3e:105
[   31535ms] [WARNING] <link rel=modulepreload> has no `href` value @ https://archive.ph/mja3e:105
[   31535ms] [WARNING] <link rel=modulepreload> has no `href` value @ https://archive.ph/mja3e:105
[   31535ms] [WARNING] <link rel=modulepreload> has no `href` value @ https://archive.ph/mja3e:105
[   31535ms] [WARNING] <link rel=modulepreload> has no `href` value @ https://archive.ph/mja3e:105
[   31535ms] [WARNING] <link rel=modulepreload> has no `href` value @ https://archive.ph/mja3e:105
[   31535ms] [WARNING] <link rel=modulepreload> has no `href` value @ https://archive.ph/mja3e:105
[   31535ms] [WARNING] <link rel=modulepreload> has no `href` value @ https://archive.ph/mja3e:105
[   31535ms] [WARNING] <link rel=modulepreload> has no `href` value @ https://archive.ph/mja3e:105
[   31535ms] [WARNING] <link rel=preload> has an invalid `href` value @ https://archive.ph/mja3e:105
[   31535ms] [WARNING] <link rel=preload> has an invalid `href` value @ https://archive.ph/mja3e:105
[   31535ms] [WARNING] <link rel=preload> has an invalid `href` value @ https://archive.ph/mja3e:105
[   46920ms] [WARNING] The resource https://pbs.twimg.com/media/HRiuAJZXEAQ1A7g?format=webp&name=small was preloaded using link preload but not used within a few seconds from the window's load event. Please make sure it has an appropriate `as` value and it is preloaded intentionally. @ https://archive.ph/mja3e:0
[   55758ms] [WARNING] The resource https://pbs.twimg.com/media/HRiuAJZXEAQ1A7g?format=webp&name=small was preloaded using link preload but not used within a few seconds from the window's load event. Please make sure it has an appropriate `as` value and it is preloaded intentionally. @ https://archive.ph/mja3e:0
