[  -23988ms] [WARNING] <link rel=modulepreload> has no `href` value @ https://archive.ph/mja3e:105
[  -23988ms] [WARNING] <link rel=modulepreload> has no `href` value @ https://archive.ph/mja3e:105
[  -23988ms] [WARNING] <link rel=modulepreload> has no `href` value @ https://archive.ph/mja3e:105
[  -23988ms] [WARNING] <link rel=modulepreload> has no `href` value @ https://archive.ph/mja3e:105
[  -23988ms] [WARNING] <link rel=modulepreload> has no `href` value @ https://archive.ph/mja3e:105
[  -23988ms] [WARNING] <link rel=modulepreload> has no `href` value @ https://archive.ph/mja3e:105
[  -23988ms] [WARNING] <link rel=modulepreload> has no `href` value @ https://archive.ph/mja3e:105
[  -23988ms] [WARNING] <link rel=modulepreload> has no `href` value @ https://archive.ph/mja3e:105
[  -23988ms] [WARNING] <link rel=modulepreload> has no `href` value @ https://archive.ph/mja3e:105
[  -23988ms] [WARNING] <link rel=modulepreload> has no `href` value @ https://archive.ph/mja3e:105
[  -23988ms] [WARNING] <link rel=modulepreload> has no `href` value @ https://archive.ph/mja3e:105
[  -23988ms] [WARNING] <link rel=modulepreload> has no `href` value @ https://archive.ph/mja3e:105
[  -23988ms] [WARNING] <link rel=modulepreload> has no `href` value @ https://archive.ph/mja3e:105
[  -23988ms] [WARNING] <link rel=modulepreload> has no `href` value @ https://archive.ph/mja3e:105
[  -23988ms] [WARNING] <link rel=modulepreload> has no `href` value @ https://archive.ph/mja3e:105
[  -23988ms] [WARNING] <link rel=modulepreload> has no `href` value @ https://archive.ph/mja3e:105
[  -23988ms] [WARNING] <link rel=modulepreload> has no `href` value @ https://archive.ph/mja3e:105
[  -23988ms] [WARNING] <link rel=modulepreload> has no `href` value @ https://archive.ph/mja3e:105
[  -23988ms] [WARNING] <link rel=modulepreload> has no `href` value @ https://archive.ph/mja3e:105
[  -23988ms] [WARNING] <link rel=modulepreload> has no `href` value @ https://archive.ph/mja3e:105
[  -23988ms] [WARNING] <link rel=modulepreload> has no `href` value @ https://archive.ph/mja3e:105
[  -23988ms] [WARNING] <link rel=modulepreload> has no `href` value @ https://archive.ph/mja3e:105
[  -23988ms] [WARNING] <link rel=modulepreload> has no `href` value @ https://archive.ph/mja3e:105
[  -23988ms] [WARNING] <link rel=modulepreload> has no `href` value @ https://archive.ph/mja3e:105
[  -23988ms] [WARNING] <link rel=modulepreload> has no `href` value @ https://archive.ph/mja3e:105
[  -23988ms] [WARNING] <link rel=modulepreload> has no `href` value @ https://archive.ph/mja3e:105
[  -23988ms] [WARNING] <link rel=modulepreload> has no `href` value @ https://archive.ph/mja3e:105
[  -23988ms] [WARNING] <link rel=modulepreload> has no `href` value @ https://archive.ph/mja3e:105
[  -23988ms] [WARNING] <link rel=modulepreload> has no `href` value @ https://archive.ph/mja3e:105
[  -23988ms] [WARNING] <link rel=modulepreload> has no `href` value @ https://archive.ph/mja3e:105
[  -23988ms] [WARNING] <link rel=modulepreload> has no `href` value @ https://archive.ph/mja3e:105
[  -23988ms] [WARNING] <link rel=modulepreload> has no `href` value @ https://archive.ph/mja3e:105
[  -23988ms] [WARNING] <link rel=modulepreload> has no `href` value @ https://archive.ph/mja3e:105
[  -23988ms] [WARNING] <link rel=modulepreload> has no `href` value @ https://archive.ph/mja3e:105
[  -23988ms] [WARNING] <link rel=modulepreload> has no `href` value @ https://archive.ph/mja3e:105
[  -23988ms] [WARNING] <link rel=modulepreload> has no `href` value @ https://archive.ph/mja3e:105
[  -23988ms] [WARNING] <link rel=modulepreload> has no `href` value @ https://archive.ph/mja3e:105
[  -23988ms] [WARNING] <link rel=modulepreload> has no `href` value @ https://archive.ph/mja3e:105
[  -23988ms] [WARNING] <link rel=modulepreload> has no `href` value @ https://archive.ph/mja3e:105
[  -23988ms] [WARNING] <link rel=modulepreload> has no `href` value @ https://archive.ph/mja3e:105
[  -23988ms] [WARNING] <link rel=modulepreload> has no `href` value @ https://archive.ph/mja3e:105
[  -23988ms] [WARNING] <link rel=modulepreload> has no `href` value @ https://archive.ph/mja3e:105
[  -23988ms] [WARNING] <link rel=modulepreload> has no `href` value @ https://archive.ph/mja3e:105
[  -23988ms] [WARNING] <link rel=modulepreload> has no `href` value @ https://archive.ph/mja3e:105
[  -23988ms] [WARNING] <link rel=modulepreload> has no `href` value @ https://archive.ph/mja3e:105
[  -23988ms] [WARNING] <link rel=modulepreload> has no `href` value @ https://archive.ph/mja3e:105
[  -23988ms] [WARNING] <link rel=modulepreload> has no `href` value @ https://archive.ph/mja3e:105
[  -23988ms] [WARNING] <link rel=modulepreload> has no `href` value @ https://archive.ph/mja3e:105
[  -23988ms] [WARNING] <link rel=modulepreload> has no `href` value @ https://archive.ph/mja3e:105
[  -23988ms] [WARNING] <link rel=modulepreload> has no `href` value @ https://archive.ph/mja3e:105
[  -23988ms] [WARNING] <link rel=modulepreload> has no `href` value @ https://archive.ph/mja3e:105
[  -23988ms] [WARNING] <link rel=modulepreload> has no `href` value @ https://archive.ph/mja3e:105
[  -23988ms] [WARNING] <link rel=modulepreload> has no `href` value @ https://archive.ph/mja3e:105
[  -23988ms] [WARNING] <link rel=modulepreload> has no `href` value @ https://archive.ph/mja3e:105
[  -23988ms] [WARNING] <link rel=modulepreload> has no `href` value @ https://archive.ph/mja3e:105
[  -23988ms] [WARNING] <link rel=modulepreload> has no `href` value @ https://archive.ph/mja3e:105
[  -23988ms] [WARNING] <link rel=modulepreload> has no `href` value @ https://archive.ph/mja3e:105
[  -23988ms] [WARNING] <link rel=modulepreload> has no `href` value @ https://archive.ph/mja3e:105
[  -23988ms] [WARNING] <link rel=modulepreload> has no `href` value @ https://archive.ph/mja3e:105
[  -23988ms] [WARNING] <link rel=modulepreload> has no `href` value @ https://archive.ph/mja3e:105
[  -23988ms] [WARNING] <link rel=modulepreload> has no `href` value @ https://archive.ph/mja3e:105
[  -23988ms] [WARNING] <link rel=modulepreload> has no `href` value @ https://archive.ph/mja3e:105
[  -23988ms] [WARNING] <link rel=modulepreload> has no `href` value @ https://archive.ph/mja3e:105
[  -23988ms] [WARNING] <link rel=modulepreload> has no `href` value @ https://archive.ph/mja3e:105
[  -23988ms] [WARNING] <link rel=modulepreload> has no `href` value @ https://archive.ph/mja3e:105
[  -23988ms] [WARNING] <link rel=modulepreload> has no `href` value @ https://archive.ph/mja3e:105
[  -23988ms] [WARNING] <link rel=modulepreload> has no `href` value @ https://archive.ph/mja3e:105
[  -23988ms] [WARNING] <link rel=modulepreload> has no `href` value @ https://archive.ph/mja3e:105
[  -23988ms] [WARNING] <link rel=modulepreload> has no `href` value @ https://archive.ph/mja3e:105
[  -23988ms] [WARNING] <link rel=modulepreload> has no `href` value @ https://archive.ph/mja3e:105
[  -23988ms] [WARNING] <link rel=modulepreload> has no `href` value @ https://archive.ph/mja3e:105
[  -23988ms] [WARNING] <link rel=modulepreload> has no `href` value @ https://archive.ph/mja3e:105
[  -23988ms] [WARNING] <link rel=modulepreload> has no `href` value @ https://archive.ph/mja3e:105
[  -23988ms] [WARNING] <link rel=modulepreload> has no `href` value @ https://archive.ph/mja3e:105
[  -23988ms] [WARNING] <link rel=modulepreload> has no `href` value @ https://archive.ph/mja3e:105
[  -23988ms] [WARNING] <link rel=modulepreload> has no `href` value @ https://archive.ph/mja3e:105
[  -23988ms] [WARNING] <link rel=modulepreload> has no `href` value @ https://archive.ph/mja3e:105
[  -23988ms] [WARNING] <link rel=modulepreload> has no `href` value @ https://archive.ph/mja3e:105
[  -23988ms] [WARNING] <link rel=modulepreload> has no `href` value @ https://archive.ph/mja3e:105
[  -23988ms] [WARNING] <link rel=modulepreload> has no `href` value @ https://archive.ph/mja3e:105
[  -23988ms] [WARNING] <link rel=modulepreload> has no `href` value @ https://archive.ph/mja3e:105
[  -23988ms] [WARNING] <link rel=modulepreload> has no `href` value @ https://archive.ph/mja3e:105
[  -23988ms] [WARNING] <link rel=modulepreload> has no `href` value @ https://archive.ph/mja3e:105
[  -23988ms] [WARNING] <link rel=modulepreload> has no `href` value @ https://archive.ph/mja3e:105
[  -23988ms] [WARNING] <link rel=modulepreload> has no `href` value @ https://archive.ph/mja3e:105
[  -23988ms] [WARNING] <link rel=modulepreload> has no `href` value @ https://archive.ph/mja3e:105
[  -23988ms] [WARNING] <link rel=modulepreload> has no `href` value @ https://archive.ph/mja3e:105
[  -23988ms] [WARNING] <link rel=modulepreload> has no `href` value @ https://archive.ph/mja3e:105
[  -23988ms] [WARNING] <link rel=modulepreload> has no `href` value @ https://archive.ph/mja3e:105
[  -23988ms] [WARNING] <link rel=modulepreload> has no `href` value @ https://archive.ph/mja3e:105
[  -23988ms] [WARNING] <link rel=modulepreload> has no `href` value @ https://archive.ph/mja3e:105
[  -23988ms] [WARNING] <link rel=modulepreload> has no `href` value @ https://archive.ph/mja3e:105
[  -23988ms] [WARNING] <link rel=modulepreload> has no `href` value @ https://archive.ph/mja3e:105
[  -23988ms] [WARNING] <link rel=modulepreload> has no `href` value @ https://archive.ph/mja3e:105
[  -23988ms] [WARNING] <link rel=modulepreload> has no `href` value @ https://archive.ph/mja3e:105
[  -23988ms] [WARNING] <link rel=modulepreload> has no `href` value @ https://archive.ph/mja3e:105
[  -23987ms] [WARNING] <link rel=modulepreload> has no `href` value @ https://archive.ph/mja3e:105
[  -23987ms] [WARNING] <link rel=modulepreload> has no `href` value @ https://archive.ph/mja3e:105
[  -23987ms] [WARNING] <link rel=modulepreload> has no `href` value @ https://archive.ph/mja3e:105
[  -23987ms] [WARNING] <link rel=modulepreload> has no `href` value @ https://archive.ph/mja3e:105
[  -23987ms] [WARNING] <link rel=modulepreload> has no `href` value @ https://archive.ph/mja3e:105
[  -23987ms] [WARNING] <link rel=modulepreload> has no `href` value @ https://archive.ph/mja3e:105
[  -23987ms] [WARNING] <link rel=modulepreload> has no `href` value @ https://archive.ph/mja3e:105
[  -23987ms] [WARNING] <link rel=modulepreload> has no `href` value @ https://archive.ph/mja3e:105
[  -23987ms] [WARNING] <link rel=modulepreload> has no `href` value @ https://archive.ph/mja3e:105
[  -23987ms] [WARNING] <link rel=modulepreload> has no `href` value @ https://archive.ph/mja3e:105
[  -23987ms] [WARNING] <link rel=preload> has an invalid `href` value @ https://archive.ph/mja3e:105
[  -23987ms] [WARNING] <link rel=preload> has an invalid `href` value @ https://archive.ph/mja3e:105
[  -23987ms] [WARNING] <link rel=preload> has an invalid `href` value @ https://archive.ph/mja3e:105
[  -15192ms] [WARNING] The resource https://pbs.twimg.com/media/HRiuAJZXEAQ1A7g?format=webp&name=medium was preloaded using link preload but not used within a few seconds from the window's load event. Please make sure it has an appropriate `as` value and it is preloaded intentionally. @ https://archive.ph/mja3e:0
[     -40ms] [WARNING] The resource https://pbs.twimg.com/media/HRiuAJZXEAQ1A7g?format=webp&name=medium was preloaded using link preload but not used within a few seconds from the window's load event. Please make sure it has an appropriate `as` value and it is preloaded intentionally. @ https://archive.ph/mja3e:0
[    5185ms] [WARNING] <link rel=modulepreload> has no `href` value @ https://archive.ph/mja3e:105
[    5185ms] [WARNING] <link rel=modulepreload> has no `href` value @ https://archive.ph/mja3e:105
[    5185ms] [WARNING] <link rel=modulepreload> has no `href` value @ https://archive.ph/mja3e:105
[    5185ms] [WARNING] <link rel=modulepreload> has no `href` value @ https://archive.ph/mja3e:105
[    5185ms] [WARNING] <link rel=modulepreload> has no `href` value @ https://archive.ph/mja3e:105
[    5185ms] [WARNING] <link rel=modulepreload> has no `href` value @ https://archive.ph/mja3e:105
[    5185ms] [WARNING] <link rel=modulepreload> has no `href` value @ https://archive.ph/mja3e:105
[    5185ms] [WARNING] <link rel=modulepreload> has no `href` value @ https://archive.ph/mja3e:105
[    5185ms] [WARNING] <link rel=modulepreload> has no `href` value @ https://archive.ph/mja3e:105
[    5185ms] [WARNING] <link rel=modulepreload> has no `href` value @ https://archive.ph/mja3e:105
[    5185ms] [WARNING] <link rel=modulepreload> has no `href` value @ https://archive.ph/mja3e:105
[    5185ms] [WARNING] <link rel=modulepreload> has no `href` value @ https://archive.ph/mja3e:105
[    5185ms] [WARNING] <link rel=modulepreload> has no `href` value @ https://archive.ph/mja3e:105
[    5185ms] [WARNING] <link rel=modulepreload> has no `href` value @ https://archive.ph/mja3e:105
[    5185ms] [WARNING] <link rel=modulepreload> has no `href` value @ https://archive.ph/mja3e:105
[    5185ms] [WARNING] <link rel=modulepreload> has no `href` value @ https://archive.ph/mja3e:105
[    5185ms] [WARNING] <link rel=modulepreload> has no `href` value @ https://archive.ph/mja3e:105
[    5185ms] [WARNING] <link rel=modulepreload> has no `href` value @ https://archive.ph/mja3e:105
[    5185ms] [WARNING] <link rel=modulepreload> has no `href` value @ https://archive.ph/mja3e:105
[    5185ms] [WARNING] <link rel=modulepreload> has no `href` value @ https://archive.ph/mja3e:105
[    5185ms] [WARNING] <link rel=modulepreload> has no `href` value @ https://archive.ph/mja3e:105
[    5185ms] [WARNING] <link rel=modulepreload> has no `href` value @ https://archive.ph/mja3e:105
[    5185ms] [WARNING] <link rel=modulepreload> has no `href` value @ https://archive.ph/mja3e:105
[    5185ms] [WARNING] <link rel=modulepreload> has no `href` value @ https://archive.ph/mja3e:105
[    5185ms] [WARNING] <link rel=modulepreload> has no `href` value @ https://archive.ph/mja3e:105
[    5185ms] [WARNING] <link rel=modulepreload> has no `href` value @ https://archive.ph/mja3e:105
[    5185ms] [WARNING] <link rel=modulepreload> has no `href` value @ https://archive.ph/mja3e:105
[    5185ms] [WARNING] <link rel=modulepreload> has no `href` value @ https://archive.ph/mja3e:105
[    5185ms] [WARNING] <link rel=modulepreload> has no `href` value @ https://archive.ph/mja3e:105
[    5185ms] [WARNING] <link rel=modulepreload> has no `href` value @ https://archive.ph/mja3e:105
[    5185ms] [WARNING] <link rel=modulepreload> has no `href` value @ https://archive.ph/mja3e:105
[    5185ms] [WARNING] <link rel=modulepreload> has no `href` value @ https://archive.ph/mja3e:105
[    5185ms] [WARNING] <link rel=modulepreload> has no `href` value @ https://archive.ph/mja3e:105
[    5185ms] [WARNING] <link rel=modulepreload> has no `href` value @ https://archive.ph/mja3e:105
[    5185ms] [WARNING] <link rel=modulepreload> has no `href` value @ https://archive.ph/mja3e:105
[    5185ms] [WARNING] <link rel=modulepreload> has no `href` value @ https://archive.ph/mja3e:105
[    5185ms] [WARNING] <link rel=modulepreload> has no `href` value @ https://archive.ph/mja3e:105
[    5185ms] [WARNING] <link rel=modulepreload> has no `href` value @ https://archive.ph/mja3e:105
[    5185ms] [WARNING] <link rel=modulepreload> has no `href` value @ https://archive.ph/mja3e:105
[    5185ms] [WARNING] <link rel=modulepreload> has no `href` value @ https://archive.ph/mja3e:105
[    5185ms] [WARNING] <link rel=modulepreload> has no `href` value @ https://archive.ph/mja3e:105
[    5185ms] [WARNING] <link rel=modulepreload> has no `href` value @ https://archive.ph/mja3e:105
[    5185ms] [WARNING] <link rel=modulepreload> has no `href` value @ https://archive.ph/mja3e:105
[    5185ms] [WARNING] <link rel=modulepreload> has no `href` value @ https://archive.ph/mja3e:105
[    5185ms] [WARNING] <link rel=modulepreload> has no `href` value @ https://archive.ph/mja3e:105
[    5185ms] [WARNING] <link rel=modulepreload> has no `href` value @ https://archive.ph/mja3e:105
[    5185ms] [WARNING] <link rel=modulepreload> has no `href` value @ https://archive.ph/mja3e:105
[    5185ms] [WARNING] <link rel=modulepreload> has no `href` value @ https://archive.ph/mja3e:105
[    5185ms] [WARNING] <link rel=modulepreload> has no `href` value @ https://archive.ph/mja3e:105
[    5185ms] [WARNING] <link rel=modulepreload> has no `href` value @ https://archive.ph/mja3e:105
[    5185ms] [WARNING] <link rel=modulepreload> has no `href` value @ https://archive.ph/mja3e:105
[    5185ms] [WARNING] <link rel=modulepreload> has no `href` value @ https://archive.ph/mja3e:105
[    5185ms] [WARNING] <link rel=modulepreload> has no `href` value @ https://archive.ph/mja3e:105
[    5185ms] [WARNING] <link rel=modulepreload> has no `href` value @ https://archive.ph/mja3e:105
[    5185ms] [WARNING] <link rel=modulepreload> has no `href` value @ https://archive.ph/mja3e:105
[    5185ms] [WARNING] <link rel=modulepreload> has no `href` value @ https://archive.ph/mja3e:105
[    5185ms] [WARNING] <link rel=modulepreload> has no `href` value @ https://archive.ph/mja3e:105
[    5185ms] [WARNING] <link rel=modulepreload> has no `href` value @ https://archive.ph/mja3e:105
[    5185ms] [WARNING] <link rel=modulepreload> has no `href` value @ https://archive.ph/mja3e:105
[    5185ms] [WARNING] <link rel=modulepreload> has no `href` value @ https://archive.ph/mja3e:105
[    5185ms] [WARNING] <link rel=modulepreload> has no `href` value @ https://archive.ph/mja3e:105
[    5185ms] [WARNING] <link rel=modulepreload> has no `href` value @ https://archive.ph/mja3e:105
[    5185ms] [WARNING] <link rel=modulepreload> has no `href` value @ https://archive.ph/mja3e:105
[    5185ms] [WARNING] <link rel=modulepreload> has no `href` value @ https://archive.ph/mja3e:105
[    5185ms] [WARNING] <link rel=modulepreload> has no `href` value @ https://archive.ph/mja3e:105
[    5185ms] [WARNING] <link rel=modulepreload> has no `href` value @ https://archive.ph/mja3e:105
[    5185ms] [WARNING] <link rel=modulepreload> has no `href` value @ https://archive.ph/mja3e:105
[    5185ms] [WARNING] <link rel=modulepreload> has no `href` value @ https://archive.ph/mja3e:105
[    5185ms] [WARNING] <link rel=modulepreload> has no `href` value @ https://archive.ph/mja3e:105
[    5185ms] [WARNING] <link rel=modulepreload> has no `href` value @ https://archive.ph/mja3e:105
[    5185ms] [WARNING] <link rel=modulepreload> has no `href` value @ https://archive.ph/mja3e:105
[    5185ms] [WARNING] <link rel=modulepreload> has no `href` value @ https://archive.ph/mja3e:105
[    5185ms] [WARNING] <link rel=modulepreload> has no `href` value @ https://archive.ph/mja3e:105
[    5185ms] [WARNING] <link rel=modulepreload> has no `href` value @ https://archive.ph/mja3e:105
[    5185ms] [WARNING] <link rel=modulepreload> has no `href` value @ https://archive.ph/mja3e:105
[    5185ms] [WARNING] <link rel=modulepreload> has no `href` value @ https://archive.ph/mja3e:105
[    5185ms] [WARNING] <link rel=modulepreload> has no `href` value @ https://archive.ph/mja3e:105
[    5185ms] [WARNING] <link rel=modulepreload> has no `href` value @ https://archive.ph/mja3e:105
[    5185ms] [WARNING] <link rel=modulepreload> has no `href` value @ https://archive.ph/mja3e:105
[    5185ms] [WARNING] <link rel=modulepreload> has no `href` value @ https://archive.ph/mja3e:105
[    5185ms] [WARNING] <link rel=modulepreload> has no `href` value @ https://archive.ph/mja3e:105
[    5185ms] [WARNING] <link rel=modulepreload> has no `href` value @ https://archive.ph/mja3e:105
[    5185ms] [WARNING] <link rel=modulepreload> has no `href` value @ https://archive.ph/mja3e:105
[    5185ms] [WARNING] <link rel=modulepreload> has no `href` value @ https://archive.ph/mja3e:105
[    5185ms] [WARNING] <link rel=modulepreload> has no `href` value @ https://archive.ph/mja3e:105
[    5185ms] [WARNING] <link rel=modulepreload> has no `href` value @ https://archive.ph/mja3e:105
[    5185ms] [WARNING] <link rel=modulepreload> has no `href` value @ https://archive.ph/mja3e:105
[    5185ms] [WARNING] <link rel=modulepreload> has no `href` value @ https://archive.ph/mja3e:105
[    5185ms] [WARNING] <link rel=modulepreload> has no `href` value @ https://archive.ph/mja3e:105
[    5185ms] [WARNING] <link rel=modulepreload> has no `href` value @ https://archive.ph/mja3e:105
[    5185ms] [WARNING] <link rel=modulepreload> has no `href` value @ https://archive.ph/mja3e:105
[    5185ms] [WARNING] <link rel=modulepreload> has no `href` value @ https://archive.ph/mja3e:105
[    5185ms] [WARNING] <link rel=modulepreload> has no `href` value @ https://archive.ph/mja3e:105
[    5185ms] [WARNING] <link rel=modulepreload> has no `href` value @ https://archive.ph/mja3e:105
[    5185ms] [WARNING] <link rel=modulepreload> has no `href` value @ https://archive.ph/mja3e:105
[    5185ms] [WARNING] <link rel=modulepreload> has no `href` value @ https://archive.ph/mja3e:105
[    5185ms] [WARNING] <link rel=modulepreload> has no `href` value @ https://archive.ph/mja3e:105
[    5185ms] [WARNING] <link rel=modulepreload> has no `href` value @ https://archive.ph/mja3e:105
[    5185ms] [WARNING] <link rel=modulepreload> has no `href` value @ https://archive.ph/mja3e:105
[    5185ms] [WARNING] <link rel=modulepreload> has no `href` value @ https://archive.ph/mja3e:105
[    5185ms] [WARNING] <link rel=modulepreload> has no `href` value @ https://archive.ph/mja3e:105
[    5185ms] [WARNING] <link rel=modulepreload> has no `href` value @ https://archive.ph/mja3e:105
[    5185ms] [WARNING] <link rel=modulepreload> has no `href` value @ https://archive.ph/mja3e:105
[    5185ms] [WARNING] <link rel=modulepreload> has no `href` value @ https://archive.ph/mja3e:105
[    5185ms] [WARNING] <link rel=modulepreload> has no `href` value @ https://archive.ph/mja3e:105
[    5185ms] [WARNING] <link rel=modulepreload> has no `href` value @ https://archive.ph/mja3e:105
[    5185ms] [WARNING] <link rel=preload> has an invalid `href` value @ https://archive.ph/mja3e:105
[    5185ms] [WARNING] <link rel=preload> has an invalid `href` value @ https://archive.ph/mja3e:105
[    5185ms] [WARNING] <link rel=preload> has an invalid `href` value @ https://archive.ph/mja3e:105
[   20570ms] [WARNING] The resource https://pbs.twimg.com/media/HRiuAJZXEAQ1A7g?format=webp&name=small was preloaded using link preload but not used within a few seconds from the window's load event. Please make sure it has an appropriate `as` value and it is preloaded intentionally. @ https://archive.ph/mja3e:0
[   29408ms] [WARNING] The resource https://pbs.twimg.com/media/HRiuAJZXEAQ1A7g?format=webp&name=small was preloaded using link preload but not used within a few seconds from the window's load event. Please make sure it has an appropriate `as` value and it is preloaded intentionally. @ https://archive.ph/mja3e:0
